GPU ready: NVIDIA GeForce RTX 4090
==========================================
System F per-ramp sweep — array task 6 / 48
==========================================
Warning: You are sending unauthenticated requests to the HF Hub. Please set a HF_TOKEN to enable higher rate limits and faster downloads.
Loading weights:   0%|          | 0/105 [00:00<?, ?it/s]Loading weights: 100%|██████████| 105/105 [00:00<00:00, 8848.39it/s]
[1mBertForSequenceClassification LOAD REPORT[0m from: cross-encoder/ms-marco-MiniLM-L-6-v2
Key                          | Status     |  | 
-----------------------------+------------+--+-
bert.embeddings.position_ids | UNEXPECTED |  | 

Notes:
- UNEXPECTED:	can be ignored when loading from different task/architecture; not ok if you expect identical arch.
Traceback (most recent call last):
  File "/usr/lib/python3.12/weakref.py", line 666, in _exitfunc
  File "/usr/lib/python3.12/weakref.py", line 590, in __call__
  File "/usr/lib/python3.12/tempfile.py", line 1074, in _cleanup
  File "/usr/lib/python3.12/tempfile.py", line 1069, in _rmtree
  File "/usr/lib/python3.12/shutil.py", line 785, in rmtree
  File "/usr/lib/python3.12/shutil.py", line 717, in _rmtree_safe_fd
  File "/usr/lib/python3.12/shutil.py", line 715, in _rmtree_safe_fd
OSError: [Errno 5] Input/output error: '_remote_module_non_scriptable.py'
[task 6/49] t0=0.001 t1=0.5 — 343 configs -> results/sweep_results/system_f_t0=0.001_t1=0.5.csv
  [25/343] (0.001, 0.03, 0.03) MRR=0.1882 lat=13.27ms
  [50/343] (0.003, 0.001, 0.001) MRR=0.1882 lat=13.27ms
  [75/343] (0.003, 0.03, 0.1) MRR=0.1882 lat=13.27ms
  [100/343] (0.01, 0.001, 0.003) MRR=0.1882 lat=13.28ms
  [125/343] (0.01, 0.03, 0.3) MRR=0.1882 lat=13.26ms
  [150/343] (0.03, 0.001, 0.01) MRR=0.1882 lat=13.34ms
  [175/343] (0.03, 0.03, 0.5) MRR=0.1882 lat=13.23ms
  [200/343] (0.1, 0.001, 0.03) MRR=0.1882 lat=13.23ms
  [225/343] (0.1, 0.1, 0.001) MRR=0.1882 lat=13.24ms
  [250/343] (0.3, 0.001, 0.1) MRR=0.1882 lat=13.25ms
  [275/343] (0.3, 0.1, 0.003) MRR=0.1882 lat=13.26ms
  [300/343] (0.5, 0.001, 0.3) MRR=0.1882 lat=13.26ms
  [325/343] (0.5, 0.1, 0.01) MRR=0.1882 lat=13.28ms
[task 6] DONE — 343 rows -> results/sweep_results/system_f_t0=0.001_t1=0.5.csv
/var/spool/slurmd/job150493/slurm_script: error reading input file: Input/output error
[2026-04-10T16:03:12.318] error: unlink(/var/spool/slurmd/job150493/slurm_script): Input/output error
[2026-04-10T16:03:12.322] error: rmdir(/var/spool/slurmd/job150493): Input/output error
[2026-04-10T16:03:12.322] error: Unable to unlink domain socket `/var/spool/slurmd/gpunode33_150493.4294967291`: Input/output error
