GPU ready: NVIDIA GeForce RTX 4090
==========================================
System F per-ramp sweep — array task 41 / 48
==========================================
Loading weights:   0%|          | 0/105 [00:00<?, ?it/s]Loading weights: 100%|██████████| 105/105 [00:00<00:00, 9596.69it/s]
[1mBertForSequenceClassification LOAD REPORT[0m from: cross-encoder/ms-marco-MiniLM-L-6-v2
Key                          | Status     |  | 
-----------------------------+------------+--+-
bert.embeddings.position_ids | UNEXPECTED |  | 

Notes:
- UNEXPECTED:	can be ignored when loading from different task/architecture; not ok if you expect identical arch.
Warning: You are sending unauthenticated requests to the HF Hub. Please set a HF_TOKEN to enable higher rate limits and faster downloads.
[task 41/49] t0=0.3 t1=0.5 — 343 configs -> results/sweep_results/system_f_t0=0.3_t1=0.5.csv
  [25/343] (0.001, 0.03, 0.03) MRR=0.0439 lat=7.19ms
  [50/343] (0.003, 0.001, 0.001) MRR=0.0439 lat=7.19ms
  [75/343] (0.003, 0.03, 0.1) MRR=0.0439 lat=7.19ms
  [100/343] (0.01, 0.001, 0.003) MRR=0.0439 lat=7.20ms
  [125/343] (0.01, 0.03, 0.3) MRR=0.0439 lat=7.20ms
  [150/343] (0.03, 0.001, 0.01) MRR=0.0439 lat=7.20ms
  [175/343] (0.03, 0.03, 0.5) MRR=0.0439 lat=7.22ms
  [200/343] (0.1, 0.001, 0.03) MRR=0.0439 lat=7.26ms
  [225/343] (0.1, 0.1, 0.001) MRR=0.0439 lat=7.20ms
  [250/343] (0.3, 0.001, 0.1) MRR=0.0439 lat=7.21ms
  [275/343] (0.3, 0.1, 0.003) MRR=0.0439 lat=7.22ms
  [300/343] (0.5, 0.001, 0.3) MRR=0.0439 lat=7.22ms
  [325/343] (0.5, 0.1, 0.01) MRR=0.0439 lat=7.21ms
[task 41] DONE — 343 rows -> results/sweep_results/system_f_t0=0.3_t1=0.5.csv
